// Jest Snapshot v1, https://goo.gl/fbAQLP

exports[`Product page should render correctly 1`] = `
<div>
  <main
    class="main"
    style="background-image: url(/products//background.webp); background-repeat: no-repeat; background-position: center center;"
  >
    <div
      class="mainContainer"
    >
      <div
        class="productInfoContainer"
      >
        <div
          class="productInfoContainer"
        >
          <div
            class="container"
          >
            <div
              class="titleContainer"
            >
              <p
                class="normal"
              />
            </div>
            <div
              class="reviewsContainer normal"
            >
              <div
                class="starsContainer"
              >
                <img
                  alt="Empty star"
                  class="starItem"
                  data-nimg="1"
                  decoding="async"
                  height="17"
                  loading="lazy"
                  src="/ratings/empty-star.svg"
                  style="color: transparent;"
                  width="17"
                />
                <img
                  alt="Empty star"
                  class="starItem"
                  data-nimg="1"
                  decoding="async"
                  height="17"
                  loading="lazy"
                  src="/ratings/empty-star.svg"
                  style="color: transparent;"
                  width="17"
                />
                <img
                  alt="Empty star"
                  class="starItem"
                  data-nimg="1"
                  decoding="async"
                  height="17"
                  loading="lazy"
                  src="/ratings/empty-star.svg"
                  style="color: transparent;"
                  width="17"
                />
                <img
                  alt="Empty star"
                  class="starItem"
                  data-nimg="1"
                  decoding="async"
                  height="17"
                  loading="lazy"
                  src="/ratings/empty-star.svg"
                  style="color: transparent;"
                  width="17"
                />
                <img
                  alt="Empty star"
                  class="starItem"
                  data-nimg="1"
                  decoding="async"
                  height="17"
                  loading="lazy"
                  src="/ratings/empty-star.svg"
                  style="color: transparent;"
                  width="17"
                />
              </div>
              <p>
                NaN reviews
              </p>
            </div>
          </div>
          <p
            class="description"
          />
        </div>
      </div>
      <div
        class="productConfigContainer"
      >
        <form
          novalidate=""
        >
          <div
            class="sizeOptionsContainer"
          >
            <h4>
              Select a size
            </h4>
            <ul>
              <li
                class="productSizeOptionContainer"
              >
                <input
                  class="productSizeOptionInput"
                  id="size-custom-size-1"
                  name="dimensions"
                  type="radio"
                  value="Custom size"
                />
                <label
                  class="productSizeOptionLabel"
                  for="size-custom-size-1"
                >
                  Custom size
                </label>
              </li>
            </ul>
          </div>
          <div
            class="quantityOptionsContainer"
          >
            <h4>
              Select a quantity
            </h4>
            <table>
              <tbody>
                <tr
                  class="quantityRow"
                >
                  <td
                    class="inputCell"
                  >
                    <input
                      id="quantity-custom-quantity-1"
                      name="quantities"
                      type="radio"
                      value="Custom quantity"
                    />
                  </td>
                  <td>
                    <label
                      for="quantity-custom-quantity-1"
                    >
                      Custom quantity
                    </label>
                  </td>
                </tr>
              </tbody>
            </table>
          </div>
          <div
            class="submitButtonContainer"
          >
            <button
              type="submit"
            >
              Continue
            </button>
            <p>
              Next: upload artwork →
            </p>
          </div>
        </form>
      </div>
    </div>
  </main>
</div>
`;
