// Jest Snapshot v1, https://goo.gl/fbAQLP

exports[`404 page should render correctly 1`] = `
<div>
  <main
    class="main"
  >
    <div
      class="notFoundProductContainer"
    >
      <p
        class="notFoundText"
      >
        Oops, the page you are trying to reach doesn't exist
      </p>
      <p
        class="notFoundText"
      >
        Sorry for the inconveniences
      </p>
    </div>
  </main>
</div>
`;
