// Jest Snapshot v1, https://goo.gl/fbAQLP

exports[`NavBarLogo component should render correctly 1`] = `
<div>
  <a
    href="/"
  >
    <img
      alt="Cart logo"
      data-nimg="1"
      decoding="async"
      fetchpriority="high"
      height="20"
      src="/navBar/logo/cart.svg"
      style="color: transparent;"
      width="20"
    />
  </a>
</div>
`;
